// Jest Snapshot v1, https://goo.gl/fbAQLP

exports[`Timer should match the snapshot 1`] = `
ShallowWrapper {
  Symbol(enzyme.__root__): [Circular],
  Symbol(enzyme.__unrendered__): <Timer
    allOn={false}
    allTimeLeft={0}
    startOrStopAll={[MockFunction]}
  />,
  Symbol(enzyme.__renderer__): Object {
    "batchedUpdates": [Function],
    "getNode": [Function],
    "render": [Function],
    "simulateError": [Function],
    "simulateEvent": [Function],
    "unmount": [Function],
  },
  Symbol(enzyme.__node__): Object {
    "instance": null,
    "key": undefined,
    "nodeType": "host",
    "props": Object {
      "children": Array [
        <button
          className="timer-start-button "
          onClick={[Function]}
        >
          Start
        </button>,
        <div
          className="timer-form"
        >
          <input
            className="timer-set-time timer-countdown-display"
            max="180"
            min="0"
            onChange={[Function]}
            type="number"
            value={0}
          />
        </div>,
        false,
      ],
      "className": "timer",
    },
    "ref": null,
    "rendered": Array [
      Object {
        "instance": null,
        "key": undefined,
        "nodeType": "host",
        "props": Object {
          "children": "Start",
          "className": "timer-start-button ",
          "onClick": [Function],
        },
        "ref": null,
        "rendered": "Start",
        "type": "button",
      },
      Object {
        "instance": null,
        "key": undefined,
        "nodeType": "host",
        "props": Object {
          "children": <input
            className="timer-set-time timer-countdown-display"
            max="180"
            min="0"
            onChange={[Function]}
            type="number"
            value={0}
          />,
          "className": "timer-form",
        },
        "ref": null,
        "rendered": Object {
          "instance": null,
          "key": undefined,
          "nodeType": "host",
          "props": Object {
            "className": "timer-set-time timer-countdown-display",
            "max": "180",
            "min": "0",
            "onChange": [Function],
            "type": "number",
            "value": 0,
          },
          "ref": null,
          "rendered": null,
          "type": "input",
        },
        "type": "div",
      },
      false,
    ],
    "type": "div",
  },
  Symbol(enzyme.__nodes__): Array [
    Object {
      "instance": null,
      "key": undefined,
      "nodeType": "host",
      "props": Object {
        "children": Array [
          <button
            className="timer-start-button "
            onClick={[Function]}
          >
            Start
          </button>,
          <div
            className="timer-form"
          >
            <input
              className="timer-set-time timer-countdown-display"
              max="180"
              min="0"
              onChange={[Function]}
              type="number"
              value={0}
            />
          </div>,
          false,
        ],
        "className": "timer",
      },
      "ref": null,
      "rendered": Array [
        Object {
          "instance": null,
          "key": undefined,
          "nodeType": "host",
          "props": Object {
            "children": "Start",
            "className": "timer-start-button ",
            "onClick": [Function],
          },
          "ref": null,
          "rendered": "Start",
          "type": "button",
        },
        Object {
          "instance": null,
          "key": undefined,
          "nodeType": "host",
          "props": Object {
            "children": <input
              className="timer-set-time timer-countdown-display"
              max="180"
              min="0"
              onChange={[Function]}
              type="number"
              value={0}
            />,
            "className": "timer-form",
          },
          "ref": null,
          "rendered": Object {
            "instance": null,
            "key": undefined,
            "nodeType": "host",
            "props": Object {
              "className": "timer-set-time timer-countdown-display",
              "max": "180",
              "min": "0",
              "onChange": [Function],
              "type": "number",
              "value": 0,
            },
            "ref": null,
            "rendered": null,
            "type": "input",
          },
          "type": "div",
        },
        false,
      ],
      "type": "div",
    },
  ],
  Symbol(enzyme.__options__): Object {
    "adapter": ReactSixteenAdapter {
      "options": Object {
        "enableComponentDidUpdateOnSetState": true,
        "lifecycles": Object {
          "componentDidUpdate": Object {
            "onSetState": true,
          },
          "getDerivedStateFromProps": true,
          "getSnapshotBeforeUpdate": true,
          "setState": Object {
            "skipsComponentDidUpdateOnNullish": true,
          },
        },
      },
    },
  },
}
`;
